21:55:05 **** Incremental Build of configuration Debug for project USART ****
make -j8 all 
arm-none-eabi-size  USART.elf 
   text	   data	    bss	    dec	    hex	filename
  13840	     12	   1644	  15496	   3c88	USART.elf
Finished building: default.size.stdout
 
21:57:02 **** Incremental Build of configuration Debug for project USART ****
make -j8 all 
arm-none-eabi-size  USART.elf 
   text	   data	    bss	    dec	    hex	filename
  13840	     12	   1644	  15496	   3c88	USART.elf
Finished building: default.size.stdout
 
21:57:31 **** Incremental Build of configuration Debug for project USART_G4 ****
make -j8 all 
arm-none-eabi-gcc "../Core/Src/main.c" -mcpu=cortex-m4 -std=gnu11 -g3 -DDEBUG -DUSE_HAL_DRIVER -DSTM32G474xx -c -I../Core/Inc -I"D:/TRABAJO/UMAKER/CURSOS/Bare-Metal Embedded/BareMetalEmbedded/USART_G4/Components/nanoMODBUS" -I"D:/TRABAJO/UMAKER/CURSOS/Bare-Metal Embedded/BareMetalEmbedded/USART_G4/Components/lwprintf/src/include" -I"D:/TRABAJO/UMAKER/CURSOS/Bare-Metal Embedded/BareMetalEmbedded/USART_G4/Components/lwprintf/src/include/lwprintf" -I"D:/TRABAJO/UMAKER/CURSOS/Bare-Metal Embedded/BareMetalEmbedded/USART_G4/Components/lwprintf/src/include/system" -I../Drivers/STM32G4xx_HAL_Driver/Inc -I../Drivers/STM32G4xx_HAL_Driver/Inc/Legacy -I../Drivers/CMSIS/Device/ST/STM32G4xx/Include -I../Drivers/CMSIS/Include -O0 -ffunction-sections -fdata-sections -Wall -fstack-usage -fcyclomatic-complexity -MMD -MP -MF"Core/Src/main.d" -MT"Core/Src/main.o" --specs=nano.specs -mfpu=fpv4-sp-d16 -mfloat-abi=hard -mthumb -o "Core/Src/main.o"
arm-none-eabi-gcc -o "USART_G4.elf" @"objects.list"   -mcpu=cortex-m4 -T"D:\TRABAJO\UMAKER\CURSOS\Bare-Metal Embedded\BareMetalEmbedded\USART_G4\STM32G474RETX_FLASH.ld" --specs=nosys.specs -Wl,-Map="USART_G4.map" -Wl,--gc-sections -static --specs=nano.specs -mfpu=fpv4-sp-d16 -mfloat-abi=hard -mthumb -Wl,--start-group -lc -lm -Wl,--end-group
Finished building target: USART_G4.elf
 
arm-none-eabi-size  USART_G4.elf 
arm-none-eabi-objdump -h -S USART_G4.elf  > "USART_G4.list"
   text	   data	    bss	    dec	    hex	filename
  15768	     12	   1724	  17504	   4460	USART_G4.elf
Finished building: default.size.stdout
 
Finished building: USART_G4.list
 
